=== Q7 (v5 rubric invent) ===
  allow conf=0.5625 n=0 jac=0.0
  allow conf=0.4687 n=1 jac=0.447
  block conf=0.7773 n=2 jac=0.447
  block conf=0.7781 n=2 jac=0.447
  allow conf=0.349 n=2 jac=0.447
  allow conf=0.3203 n=3 jac=0.447
  allow conf=0.5312 n=4 jac=0.447
  allow conf=0.4375 n=5 jac=0.449
  allow conf=0.3777 n=6 jac=0.467
  allow conf=0.3477 n=7 jac=0.467
  allow conf=0.2695 n=8 jac=0.471
  allow conf=0.6223 n=9 jac=0.471
==> Q7: 10 allow, jac=0.4714
checkpoint Q7 written
=== Q10 (v5 rubric invent) ===
  allow conf=0.3477 n=0 jac=0.0
  allow conf=0.3777 n=1 jac=0.461
  block conf=0.7546 n=2 jac=0.461
  allow conf=0.2695 n=2 jac=0.461
  block conf=0.8806 n=3 jac=0.465
  block conf=0.8172 n=3 jac=0.461
  allow conf=0.2695 n=3 jac=0.462
  block conf=0.7984 n=4 jac=0.462
  block conf=0.915 n=4 jac=0.462
  allow conf=0.2943 n=4 jac=0.462
  block conf=0.7546 n=5 jac=0.462
  block conf=0.7773 n=5 jac=0.473
  block conf=0.8806 n=5 jac=0.462
  allow conf=0.3203 n=5 jac=0.465
  allow conf=0.3203 n=6 jac=0.465
  allow conf=0.3777 n=7 jac=0.479
  block conf=0.8172 n=8 jac=0.479
  block conf=0.8172 n=8 jac=0.479
  allow conf=0.2695 n=8 jac=0.479
  block conf=0.7773 n=9 jac=0.479
  block conf=0.7546 n=9 jac=0.479
  block conf=0.8806 n=9 jac=0.479
  block conf=0.8932 n=9 jac=0.479
  allow conf=0.2695 n=9 jac=0.479
==> Q10: 10 allow, jac=0.4795
checkpoint Q10 written
=== Q12 (v5 rubric invent) ===
  allow conf=0.5312 n=0 jac=0.0
  block conf=0.8516 n=1 jac=0.413
  block conf=0.8516 n=1 jac=0.472
  block conf=0.915 n=1 jac=0.432
  block conf=0.7773 n=1 jac=0.432
  allow conf=0.4375 n=1 jac=0.432
  block conf=0.8806 n=2 jac=0.467
  block conf=0.8806 n=2 jac=0.432
  block conf=0.8932 n=2 jac=0.461
  block conf=0.8937 n=2 jac=0.432
  block conf=0.8672 n=2 jac=0.432
  block conf=0.9241 n=2 jac=0.432
  block conf=0.8806 n=2 jac=0.432
  block conf=0.7984 n=2 jac=0.467
  block conf=0.7984 n=2 jac=0.432
  block conf=0.8172 n=2 jac=0.461
  block conf=0.8172 n=2 jac=0.432
  block conf=0.8172 n=2 jac=0.432
  block conf=0.8359 n=2 jac=0.432
  block conf=0.7773 n=2 jac=0.432
  allow conf=0.293 n=2 jac=0.432
  allow conf=0.2695 n=3 jac=0.478
  block conf=0.7773 n=4 jac=0.478
  block conf=0.8937 n=4 jac=0.478
  allow conf=0.3777 n=4 jac=0.478
  block conf=0.7977 n=5 jac=0.478
  block conf=0.7773 n=5 jac=0.478
  block conf=0.8937 n=5 jac=0.478
  block conf=0.8359 n=5 jac=0.478
  block conf=0.8806 n=5 jac=0.478
  block conf=0.8672 n=5 jac=0.478
  allow conf=0.2943 n=5 jac=0.478
  allow conf=0.2943 n=6 jac=0.478
  allow conf=0.3477 n=7 jac=0.478
  block conf=0.8172 n=8 jac=0.478
  block conf=0.7977 n=8 jac=0.478
  block conf=0.9046 n=8 jac=0.478
  allow conf=0.3477 n=8 jac=0.478
  block conf=0.7546 n=9 jac=0.478
  block conf=0.9241 n=9 jac=0.479
  block conf=0.915 n=9 jac=0.478
  block conf=0.9241 n=9 jac=0.478
  block conf=0.915 n=9 jac=0.478
  block conf=0.8359 n=9 jac=0.478
  block conf=0.8359 n=9 jac=0.478
  allow conf=0.3777 n=9 jac=0.478
==> Q12: 10 allow, jac=0.4776
checkpoint Q12 written
DONE Q7+Q10+Q12 v5
