=== Q7 (v3 answer-key/typology) ===
  allow conf=0.5937 n=0 jac=0.0
  allow conf=0.2943 n=1 jac=0.417
  block conf=0.7773 n=2 jac=0.453
  block conf=0.7773 n=2 jac=0.417
  block conf=0.7773 n=2 jac=0.417
  block conf=0.7546 n=2 jac=0.417
  allow conf=0.2695 n=2 jac=0.417
  allow conf=0.2943 n=3 jac=0.451
  allow conf=0.4375 n=4 jac=0.451
  allow conf=0.6797 n=5 jac=0.472
  allow conf=0.3203 n=6 jac=0.472
  allow conf=0.3203 n=7 jac=0.478
  allow conf=0.3777 n=8 jac=0.479
  allow conf=0.3777 n=9 jac=0.479
==> Q7: 10 allow, jac=0.4789
checkpoint Q7 written
=== Q10 (v3 answer-key/typology) ===
  allow conf=0.3203 n=0 jac=0.0
  allow conf=0.2695 n=1 jac=0.4
  block conf=0.8806 n=2 jac=0.407
  block conf=0.9046 n=2 jac=0.4
  block conf=0.8806 n=2 jac=0.4
  block conf=0.7546 n=2 jac=0.4
  block conf=0.7773 n=2 jac=0.4
  block conf=0.7773 n=2 jac=0.4
  block conf=0.915 n=2 jac=0.4
  block conf=0.9327 n=2 jac=0.4
  block conf=0.915 n=2 jac=0.4
  block conf=0.8359 n=2 jac=0.449
  block conf=0.7984 n=2 jac=0.4
  block conf=0.818 n=2 jac=0.4
  allow conf=0.2695 n=2 jac=0.4
  allow conf=0.2695 n=3 jac=0.4
  allow conf=0.5 n=4 jac=0.447
  allow conf=0.2943 n=5 jac=0.462
  allow conf=0.2695 n=6 jac=0.466
  block conf=0.8672 n=7 jac=0.475
  block conf=0.958 n=7 jac=0.466
  block conf=0.8516 n=7 jac=0.475
  block conf=0.8516 n=7 jac=0.478
  block conf=0.8172 n=7 jac=0.466
  block conf=0.958 n=7 jac=0.466
  block conf=0.9398 n=7 jac=0.466
  allow conf=0.2695 n=7 jac=0.466
  block conf=0.8359 n=8 jac=0.466
  block conf=0.7773 n=8 jac=0.466
  block conf=0.8937 n=8 jac=0.468
  block conf=0.9241 n=8 jac=0.466
  allow conf=0.2695 n=8 jac=0.466
  block conf=0.7546 n=9 jac=0.475
  allow conf=0.2695 n=9 jac=0.466
==> Q10: 10 allow, jac=0.4658
checkpoint Q10 written
=== Q12 (v3 answer-key/typology) ===
  allow conf=0.5312 n=0 jac=0.0
  block conf=0.8516 n=1 jac=0.413
  block conf=0.8516 n=1 jac=0.472
  allow conf=0.2695 n=1 jac=0.466
  block conf=0.8172 n=2 jac=0.466
  block conf=0.818 n=2 jac=0.466
  block conf=0.7772 n=2 jac=0.477
  block conf=0.8806 n=2 jac=0.466
  block conf=0.8932 n=2 jac=0.466
  block conf=0.8359 n=2 jac=0.466
  block conf=0.8672 n=2 jac=0.466
  block conf=0.8524 n=2 jac=0.47
  block conf=0.7984 n=2 jac=0.466
  block conf=0.7984 n=2 jac=0.466
  block conf=0.7773 n=2 jac=0.466
  block conf=0.8806 n=2 jac=0.466
  block conf=0.9046 n=2 jac=0.466
  block conf=0.8672 n=2 jac=0.466
  block conf=0.7773 n=2 jac=0.466
  allow conf=0.2695 n=2 jac=0.466
  allow conf=0.2943 n=3 jac=0.466
  allow conf=0.3777 n=4 jac=0.473
  block conf=0.8524 n=5 jac=0.473
  block conf=0.8359 n=5 jac=0.473
  block conf=0.9527 n=5 jac=0.473
  block conf=0.9327 n=5 jac=0.473
  block conf=0.8937 n=5 jac=0.473
  block conf=0.8359 n=5 jac=0.473
  block conf=0.9241 n=5 jac=0.473
  block conf=0.915 n=5 jac=0.473
  block conf=0.958 n=5 jac=0.473
  block conf=0.977 n=5 jac=0.473
  block conf=0.9706 n=5 jac=0.473
  block conf=0.9527 n=5 jac=0.473
  block conf=0.9465 n=5 jac=0.473
  allow conf=0.2695 n=5 jac=0.473
  block conf=0.915 n=6 jac=0.473
  block conf=0.8672 n=6 jac=0.473
  allow conf=0.2943 n=6 jac=0.473
  allow conf=0.3203 n=7 jac=0.473
  allow conf=0.3203 n=8 jac=0.473
  block conf=0.8932 n=9 jac=0.473
  block conf=0.9327 n=9 jac=0.473
  block conf=0.974 n=9 jac=0.473
  block conf=0.967 n=9 jac=0.473
  allow conf=0.3477 n=9 jac=0.473
==> Q12: 10 allow, jac=0.473
checkpoint Q12 written
DONE Q7+Q10+Q12 v3
