=== Q7 (v4 actor-side) ===
  allow conf=0.3777 n=0 jac=0.0
  allow conf=0.293 n=1 jac=0.425
  block conf=0.7984 n=2 jac=0.427
  block conf=0.7773 n=2 jac=0.425
  block conf=0.818 n=2 jac=0.425
  block conf=0.8353 n=2 jac=0.425
  block conf=0.7984 n=2 jac=0.453
  block conf=0.8353 n=2 jac=0.425
  block conf=0.8353 n=2 jac=0.425
  allow conf=0.2695 n=2 jac=0.425
  allow conf=0.2695 n=3 jac=0.425
  allow conf=0.5 n=4 jac=0.473
  allow conf=0.4375 n=5 jac=0.479
  allow conf=0.4687 n=6 jac=0.479
  block conf=0.8806 n=7 jac=0.479
  allow conf=0.5 n=7 jac=0.479
  allow conf=0.4062 n=8 jac=0.479
  block conf=0.7984 n=9 jac=0.479
  block conf=0.7546 n=9 jac=0.479
  block conf=0.7546 n=9 jac=0.479
  block conf=0.8353 n=9 jac=0.479
  block conf=0.7773 n=9 jac=0.479
  block conf=0.7773 n=9 jac=0.479
  block conf=0.9046 n=9 jac=0.479
  block conf=0.7773 n=9 jac=0.479
  allow conf=0.3477 n=9 jac=0.479
==> Q7: 10 allow, jac=0.4795
checkpoint Q7 written
=== Q10 (v4 actor-side) ===
  allow conf=0.4375 n=0 jac=0.0
  block conf=0.8172 n=1 jac=0.465
  block conf=0.7984 n=1 jac=0.378
  block conf=0.9398 n=1 jac=0.451
  allow conf=0.3777 n=1 jac=0.389
  allow conf=0.3777 n=2 jac=0.452
  allow conf=0.5926 n=3 jac=0.452
  block conf=0.8672 n=4 jac=0.452
  block conf=0.7546 n=4 jac=0.452
  block conf=0.8806 n=4 jac=0.452
  allow conf=0.3203 n=4 jac=0.452
  allow conf=0.4375 n=5 jac=0.471
  allow conf=0.2681 n=6 jac=0.471
  block conf=0.9398 n=7 jac=0.471
  block conf=0.915 n=7 jac=0.471
  block conf=0.8806 n=7 jac=0.471
  block conf=0.9046 n=7 jac=0.471
  block conf=0.8806 n=7 jac=0.471
  block conf=0.982 n=7 jac=0.471
  block conf=0.967 n=7 jac=0.471
  allow conf=0.3777 n=7 jac=0.471
  allow conf=0.3477 n=8 jac=0.471
  block conf=0.9467 n=9 jac=0.471
  block conf=0.8359 n=9 jac=0.474
  block conf=0.8359 n=9 jac=0.478
  block conf=0.7546 n=9 jac=0.471
  block conf=0.7977 n=9 jac=0.471
  block conf=0.9046 n=9 jac=0.471
  block conf=0.915 n=9 jac=0.471
  allow conf=0.2695 n=9 jac=0.471
==> Q10: 10 allow, jac=0.4706
checkpoint Q10 written
DONE Q7+Q10 v4
